<!DOCTYPE html>

<html>

<head>
    <title>KittyWanted!</title>
    <meta http-equiv="Content-Type" content="text/html; charset=UTF-8" />
</head>

<body>

<p>Garfield</p>
<p>9999</p>

</body>

</html>